
We have a requirement where we want to password protect a directory in the Apache web server document root. We want to password protect http://<website-url>:<apache_port>/protected URL as per the following requirements (you can use any website-url for it like localhost since there are no such specific requirements as of now). Setup the same on App server 3 as per below mentioned requirements:


a. We want to use basic authentication.

b. We do not want to use htpasswd file based authentication. Instead, we want to use PAM authentication, i.e Basic Auth + PAM so that we can authenticate with a Linux user.

c. We already have a user james with password 8FmzjvFU6S which you need to provide access to.

d. You can test the same using a curl command from jump host curl http://<website-url>:<apache_port>/protected.



#########################################################

thor@jumphost ~/kke$ sudo mandb
[sudo] password for thor:
Purging old database entries in /usr/share/man...
Processing manual pages under /usr/share/man...
Purging old database entries in /usr/share/man/de...
Processing manual pages under /usr/share/man/de...
Purging old database entries in /usr/share/man/ru...
Processing manual pages under /usr/share/man/ru...
Purging old database entries in /usr/local/share/man...
Processing manual pages under /usr/local/share/man...
0 man subdirectories contained newer manual pages.
0 manual pages were added.
0 stray cats were added.
22 old database entries were purged.
thor@jumphost ~/kke$ man -k pam
PAM (8)              - Pluggable Authentication Modules for Linux
config-util (5)      - Common PAM configuration file for configuration utilities
faillock.conf (5)    - pam_faillock configuration file
fingerprint-auth (5) - Common configuration file for PAMified services
group.conf (5)       - configuration file for the pam_group module
limits.conf (5)      - configuration file for the pam_limits module
pam (8)              - Pluggable Authentication Modules for Linux
pam.conf (5)         - PAM configuration files
pam.d (5)            - PAM configuration files
pam_access (8)       - PAM module for logdaemon style login access control
pam_console (8)      - determine user owning the system console
pam_console_apply (8) - set or revoke permissions for users at the system console
pam_debug (8)        - PAM module to debug the PAM stack
pam_deny (8)         - The locking-out PAM module
pam_echo (8)         - PAM module for printing text messages
pam_env (8)          - PAM module to set/unset environment variables
pam_env.conf (5)     - the environment variables config files
pam_exec (8)         - PAM module which calls an external command
pam_faildelay (8)    - Change the delay on failure per-application
pam_faillock (8)     - Module counting authentication failures during a specified inte...
pam_filter (8)       - PAM filter module
pam_ftp (8)          - PAM module for anonymous access module
pam_group (8)        - PAM module for group access
pam_issue (8)        - PAM module to add issue file to user prompt
pam_keyinit (8)      - Kernel session keyring initialiser module
pam_lastlog (8)      - PAM module to display date of last login and perform inactive a...
pam_limits (8)       - PAM module to limit resources
pam_listfile (8)     - deny or allow services based on an arbitrary file
pam_localuser (8)    - require users to be listed in /etc/passwd
pam_loginuid (8)     - Record user's login uid to the process attribute
pam_mail (8)         - Inform about available mail
pam_mkhomedir (8)    - PAM module to create users home directory
pam_motd (8)         - Display the motd file
pam_namespace (8)    - PAM module for configuring namespace for a session
pam_namespace_helper (8) - Helper binary that creates home directories
pam_nologin (8)      - Prevent non-root users from login
pam_permit (8)       - The promiscuous module
pam_postgresok (8)   - simple check of real UID and corresponding account name
pam_pwhistory (8)    - PAM module to remember last passwords
pam_pwquality (8)    - PAM module to perform password quality checking
pam_rhosts (8)       - The rhosts PAM module
pam_rootok (8)       - Gain only root access
pam_securetty (8)    - Limit root login to special devices
pam_selinux (8)      - PAM module to set the default security context
pam_sepermit (8)     - PAM module to allow/deny login depending on SELinux enforcement...
pam_setquota (8)     - PAM module to set or modify disk quotas on session start
pam_shells (8)       - PAM module to check for valid login shell
pam_stress (8)       - The stress-testing PAM module
pam_succeed_if (8)   - test account characteristics
pam_systemd (8)      - Register user sessions in the systemd login manager
pam_time (8)         - PAM module for time control access
pam_timestamp (8)    - Authenticate using cached successful authentication attempts
pam_timestamp_check (8) - Check to see if the default timestamp is valid
pam_tty_audit (8)    - Enable or disable TTY auditing for specified users
pam_umask (8)        - PAM module to set the file mode creation mask
pam_unix (8)         - Module for traditional password authentication
pam_userdb (8)       - PAM module to authenticate against a db database
pam_usertype (8)     - check if the authenticated user is a system or regular account
pam_warn (8)         - PAM module which logs all PAM items if called
pam_wheel (8)        - Only permit root access to members of group wheel
pam_xauth (8)        - PAM module to forward xauth keys between users
password-auth (5)    - Common configuration file for PAMified services
postlogin (5)        - Common configuration file for PAMified services
pwhistory.conf (5)   - pam_pwhistory configuration file
sepermit.conf (5)    - configuration file for the pam_sepermit module
smartcard-auth (5)   - Common configuration file for PAMified services
system-auth (5)      - Common configuration file for PAMified services
time.conf (5)        - configuration file for the pam_time module
thor@jumphost ~/kke$ man PAM
thor@jumphost ~/kke$ man PAM
thor@jumphost ~/kke$ ssh banner@stapp03
The authenticity of host 'stapp03 (172.16.238.12)' can't be established.
ED25519 key fingerprint is SHA256:yHfHGhqXCBD4DoZFPnUf9hRwq0W6xDOIQFAWdsrsnEI.
This key is not known by any other names
Are you sure you want to continue connecting (yes/no/[fingerprint])? yes
Warning: Permanently added 'stapp03' (ED25519) to the list of known hosts.
banner@stapp03's password:
[banner@stapp03 ~]$ more /etc/pam.conf
/etc/pam.conf: No such file or directory
[banner@stapp03 ~]$ ls -l /etc/pam*
total 80
-rw-r--r-- 1 root root 192 Mar 14  2019 chfn
-rw-r--r-- 1 root root 192 Mar 14  2019 chsh
-rw-r--r-- 1 root root 232 Apr 11  2018 config-util
-rw-r--r-- 1 root root 701 Apr 11  2018 fingerprint-auth
-rw-r--r-- 1 root root 796 Mar 14  2019 login
-rw-r--r-- 1 root root 154 Apr 11  2018 other
-rw-r--r-- 1 root root 188 Jun 10  2014 passwd
-rw-r--r-- 1 root root 760 Apr 11  2018 password-auth
-rw-r--r-- 1 root root 329 Apr 11  2018 postlogin
-rw-r--r-- 1 root root 681 Mar 14  2019 remote
-rw-r--r-- 1 root root 143 Mar 14  2019 runuser
-rw-r--r-- 1 root root 138 Mar 14  2019 runuser-l
-rw-r--r-- 1 root root 743 Apr 11  2018 smartcard-auth
-rw-r--r-- 1 root root 904 Nov 24  2021 sshd
-rw-r--r-- 1 root root 540 Mar 14  2019 su
-rw-r--r-- 1 root root 200 Jan 25  2023 sudo
-rw-r--r-- 1 root root 178 Jan 25  2023 sudo-i
-rw-r--r-- 1 root root 137 Mar 14  2019 su-l
-rw-r--r-- 1 root root 760 Apr 11  2018 system-auth
-rw-r--r-- 1 root root 129 Oct 18  2019 systemd-user
[banner@stapp03 ~]$ ls -l /etc/pam.d/.
./  ../
[banner@stapp03 ~]$ ls -l /etc/pam.d/
chfn              other             runuser           sudo
chsh              passwd            runuser-l         sudo-i
config-util       password-auth     smartcard-auth    su-l
fingerprint-auth  postlogin         sshd              system-auth
login             remote            su                systemd-user
[banner@stapp03 ~]$ ls -l /etc/pam*
total 80
-rw-r--r-- 1 root root 192 Mar 14  2019 chfn
-rw-r--r-- 1 root root 192 Mar 14  2019 chsh
-rw-r--r-- 1 root root 232 Apr 11  2018 config-util
-rw-r--r-- 1 root root 701 Apr 11  2018 fingerprint-auth
-rw-r--r-- 1 root root 796 Mar 14  2019 login
-rw-r--r-- 1 root root 154 Apr 11  2018 other
-rw-r--r-- 1 root root 188 Jun 10  2014 passwd
-rw-r--r-- 1 root root 760 Apr 11  2018 password-auth
-rw-r--r-- 1 root root 329 Apr 11  2018 postlogin
-rw-r--r-- 1 root root 681 Mar 14  2019 remote
-rw-r--r-- 1 root root 143 Mar 14  2019 runuser
-rw-r--r-- 1 root root 138 Mar 14  2019 runuser-l
-rw-r--r-- 1 root root 743 Apr 11  2018 smartcard-auth
-rw-r--r-- 1 root root 904 Nov 24  2021 sshd
-rw-r--r-- 1 root root 540 Mar 14  2019 su
-rw-r--r-- 1 root root 200 Jan 25  2023 sudo
-rw-r--r-- 1 root root 178 Jan 25  2023 sudo-i
-rw-r--r-- 1 root root 137 Mar 14  2019 su-l
-rw-r--r-- 1 root root 760 Apr 11  2018 system-auth
-rw-r--r-- 1 root root 129 Oct 18  2019 systemd-user
[banner@stapp03 ~]$ ls /etc/pam*
chfn              login          postlogin  smartcard-auth  sudo-i
chsh              other          remote     sshd            su-l
config-util       passwd         runuser    su              system-auth
fingerprint-auth  password-auth  runuser-l  sudo            systemd-user
[banner@stapp03 ~]$ ls /etc/p*
/etc/passwd  /etc/passwd-  /etc/php.ini  /etc/printcap  /etc/profile  /etc/protocols

/etc/pam.d:
chfn              login          postlogin  smartcard-auth  sudo-i
chsh              other          remote     sshd            su-l
config-util       passwd         runuser    su              system-auth
fingerprint-auth  password-auth  runuser-l  sudo            systemd-user

/etc/php.d:
20-bz2.ini       20-fileinfo.ini  20-json.ini     20-sockets.ini    30-pdo_mysql.ini
20-calendar.ini  20-ftp.ini       20-ldap.ini     20-sqlite3.ini    30-pdo_sqlite.ini
20-ctype.ini     20-gd.ini        20-mysqlnd.ini  20-tokenizer.ini  40-zip.ini
20-curl.ini      20-gettext.ini   20-pdo.ini      30-mcrypt.ini
20-exif.ini      20-iconv.ini     20-phar.ini     30-mysqli.ini

/etc/php-zts.d:
20-bz2.ini       20-fileinfo.ini  20-json.ini     20-sockets.ini    30-pdo_mysql.ini
20-calendar.ini  20-ftp.ini       20-ldap.ini     20-sqlite3.ini    30-pdo_sqlite.ini
20-ctype.ini     20-gd.ini        20-mysqlnd.ini  20-tokenizer.ini  40-zip.ini
20-curl.ini      20-gettext.ini   20-pdo.ini      30-mcrypt.ini
20-exif.ini      20-iconv.ini     20-phar.ini     30-mysqli.ini

/etc/pkcs11:
modules

/etc/pki:
CA  ca-trust  java  nssdb  nss-legacy  rpm-gpg  tls

/etc/pm:
config.d  power.d  sleep.d

/etc/popt.d:

/etc/ppp:
ip-down  ip-down.ipv6to4  ip-up  ip-up.ipv6to4  ipv6-down  ipv6-up  peers

/etc/prelink.conf.d:
fipscheck.conf  nss-softokn-prelink.conf

/etc/profile.d:
256term.csh  colorgrep.csh  colorls.csh  csh.local  lang.sh
256term.sh   colorgrep.sh   colorls.sh   lang.csh   sh.local

/etc/python:
cert-verification.cfg
[banner@stapp03 ~]$
[banner@stapp03 ~]$
[banner@stapp03 ~]$ ls /etc/pam.d
chfn              login          postlogin  smartcard-auth  sudo-i
chsh              other          remote     sshd            su-l
config-util       passwd         runuser    su              system-auth
fingerprint-auth  password-auth  runuser-l  sudo            systemd-user
[banner@stapp03 ~]$ cd /etc/pam.d/
[banner@stapp03 pam.d]$ ls -l
total 80
-rw-r--r-- 1 root root 192 Mar 14  2019 chfn
-rw-r--r-- 1 root root 192 Mar 14  2019 chsh
-rw-r--r-- 1 root root 232 Apr 11  2018 config-util
-rw-r--r-- 1 root root 701 Apr 11  2018 fingerprint-auth
-rw-r--r-- 1 root root 796 Mar 14  2019 login
-rw-r--r-- 1 root root 154 Apr 11  2018 other
-rw-r--r-- 1 root root 188 Jun 10  2014 passwd
-rw-r--r-- 1 root root 760 Apr 11  2018 password-auth
-rw-r--r-- 1 root root 329 Apr 11  2018 postlogin
-rw-r--r-- 1 root root 681 Mar 14  2019 remote
-rw-r--r-- 1 root root 143 Mar 14  2019 runuser
-rw-r--r-- 1 root root 138 Mar 14  2019 runuser-l
-rw-r--r-- 1 root root 743 Apr 11  2018 smartcard-auth
-rw-r--r-- 1 root root 904 Nov 24  2021 sshd
-rw-r--r-- 1 root root 540 Mar 14  2019 su
-rw-r--r-- 1 root root 200 Jan 25  2023 sudo
-rw-r--r-- 1 root root 178 Jan 25  2023 sudo-i
-rw-r--r-- 1 root root 137 Mar 14  2019 su-l
-rw-r--r-- 1 root root 760 Apr 11  2018 system-auth
-rw-r--r-- 1 root root 129 Oct 18  2019 systemd-user
[banner@stapp03 pam.d]$ more remote
#%PAM-1.0
auth       required     pam_securetty.so
auth       substack     password-auth
auth       include      postlogin
account    required     pam_nologin.so
account    include      password-auth
password   include      password-auth
# pam_selinux.so close should be the first session rule
session    required     pam_selinux.so close
session    required     pam_loginuid.so
# pam_selinux.so open should only be followed by sessions to be executed in the user cont
ext
session    required     pam_selinux.so open
session    required     pam_namespace.so
session    optional     pam_keyinit.so force revoke
session    include      password-auth
session    include      postlogin
[banner@stapp03 pam.d]$
[banner@stapp03 pam.d]$
[banner@stapp03 pam.d]$ # sudo sed -i "s/ansible/banner/g" /etc/sudoers
[banner@stapp03 pam.d]$  sudo sed -i "s/ansible/banner/g" /etc/sudoers

We trust you have received the usual lecture from the local System
Administrator. It usually boils down to these three things:

    #1) Respect the privacy of others.
    #2) Think before you type.
    #3) With great power comes great responsibility.

[sudo] password for banner:
[banner@stapp03 pam.d]$ yum search libapache2-mod-authnz-external
Loaded plugins: fastestmirror, ovl
ovl: Error while doing RPMdb copy-up:
[Errno 13] Permission denied: '/var/lib/rpm/Sigmd5'
Repodata is over 2 weeks old. Install yum-cron? Or run: yum makecache fast
Determining fastest mirrors
Could not retrieve mirrorlist http://mirrorlist.centos.org/?release=7&arch=x86_64&repo=os
&infra=container error was
14: curl#6 - "Could not resolve host: mirrorlist.centos.org; Unknown error"
Could not retrieve mirrorlist http://mirrorlist.centos.org/?release=7&arch=x86_64&repo=ex
tras&infra=container error was
14: curl#6 - "Could not resolve host: mirrorlist.centos.org; Unknown error"
Could not retrieve mirrorlist http://mirrorlist.centos.org/?release=7&arch=x86_64&repo=up
dates&infra=container error was
14: curl#6 - "Could not resolve host: mirrorlist.centos.org; Unknown error"
 * base: mirror.vacares.com
 * epel: mirrors.xmission.com
 * extras: mirrors.gigenet.com
 * remi-php72: muug.ca
 * remi-safe: muug.ca
 * updates: mirrors.gigenet.com
Warning: No matches found for: libapache2-mod-authnz-external
No matches found
[banner@stapp03 pam.d]$ yum search mod-authnz-external
Loaded plugins: fastestmirror, ovl
ovl: Error while doing RPMdb copy-up:
[Errno 13] Permission denied: '/var/lib/rpm/Sigmd5'
Repodata is over 2 weeks old. Install yum-cron? Or run: yum makecache fast
Loading mirror speeds from cached hostfile
 * base: mirror.vacares.com
 * epel: mirrors.xmission.com
 * extras: mirrors.gigenet.com
 * remi-php72: muug.ca
 * remi-safe: muug.ca
 * updates: mirrors.gigenet.com
Warning: No matches found for: mod-authnz-external
No matches found
[banner@stapp03 pam.d]$ yum search pwauth
Loaded plugins: fastestmirror, ovl
ovl: Error while doing RPMdb copy-up:
[Errno 13] Permission denied: '/var/lib/rpm/Sigmd5'
Repodata is over 2 weeks old. Install yum-cron? Or run: yum makecache fast
Loading mirror speeds from cached hostfile
 * base: mirror.vacares.com
 * epel: mirrors.xmission.com
 * extras: mirrors.gigenet.com
 * remi-php72: muug.ca
 * remi-safe: muug.ca
 * updates: mirrors.gigenet.com
================================== N/S matched: pwauth ==================================
pwauth.x86_64 : External plugin for mod_authnz_external authenticator

  Name and summary matches only, use "search all" for everything.
[banner@stapp03 pam.d]$ yum search mod-authnz
Loaded plugins: fastestmirror, ovl
ovl: Error while doing RPMdb copy-up:
[Errno 13] Permission denied: '/var/lib/rpm/Sigmd5'
Repodata is over 2 weeks old. Install yum-cron? Or run: yum makecache fast
Loading mirror speeds from cached hostfile
 * base: mirror.vacares.com
 * epel: mirrors.xmission.com
 * extras: mirrors.gigenet.com
 * remi-php72: muug.ca
 * remi-safe: muug.ca
 * updates: mirrors.gigenet.com
Warning: No matches found for: mod-authnz
No matches found
[banner@stapp03 pam.d]$ yum search authnz
Loaded plugins: fastestmirror, ovl
ovl: Error while doing RPMdb copy-up:
[Errno 13] Permission denied: '/var/lib/rpm/Sigmd5'
Repodata is over 2 weeks old. Install yum-cron? Or run: yum makecache fast
Loading mirror speeds from cached hostfile
 * base: mirror.vacares.com
 * epel: mirrors.xmission.com
 * extras: mirrors.gigenet.com
 * remi-php72: muug.ca
 * remi-safe: muug.ca
 * updates: mirrors.gigenet.com
================================== N/S matched: authnz ==================================
mod_authnz_external.x86_64 : An Apache module used for authentication
mod_authnz_pam.x86_64 : PAM authorization checker and PAM Basic Authentication provider
pwauth.x86_64 : External plugin for mod_authnz_external authenticator

  Name and summary matches only, use "search all" for everything.
[banner@stapp03 pam.d]$ yum search auth
Loaded plugins: fastestmirror, ovl
ovl: Error while doing RPMdb copy-up:
[Errno 13] Permission denied: '/var/lib/rpm/Sigmd5'
Repodata is over 2 weeks old. Install yum-cron? Or run: yum makecache fast
Loading mirror speeds from cached hostfile
 * base: mirror.vacares.com
 * epel: mirrors.xmission.com
 * extras: mirrors.gigenet.com
 * remi-php72: muug.ca
 * remi-safe: muug.ca
 * updates: mirrors.gigenet.com
=================================== N/S matched: auth ===================================
authconfig.x86_64 : Command line tool for setting up authentication from network services
authconfig-gtk.x86_64 : Graphical tool for setting up authentication from network
                      : services
calligra-author.x86_64 : A specialized tool for serious authors
dvdauthor.x86_64 : Command line DVD authoring tool
erlang-oauth.x86_64 : An Erlang OAuth implementation
fts-rest-http-authz-signed-cert.noarch : FTS3 Rest HTTP_AUTHORIZATION signed-cert method
fts-rest-oauth2.noarch : FTS3 Rest OAuth2 provider
globus-authz.x86_64 : Grid Community Toolkit - Globus authz library
globus-authz-callout-error.x86_64 : Grid Community Toolkit - Globus authz error library
globus-authz-callout-error-devel.x86_64 : Grid Community Toolkit - Globus authz error
                                        : library Development Files
globus-authz-callout-error-doc.noarch : Grid Community Toolkit - Globus authz error
                                      : library Documentation Files
globus-authz-devel.x86_64 : Grid Community Toolkit - Globus authz library Development
                          : Files
globus-authz-doc.noarch : Grid Community Toolkit - Globus authz library Documentation
                        : Files
golang-golangorg-oauth2-devel.noarch : OAuth 2.0 for Go clients
golang-googlecode-goauth2-devel.noarch : OAuth 2.0 for Go clients
golang-googlecode-goauth2-unit-test.x86_64 : Unit tests for golang-googlecode-goauth2
                                           : package
ipsilon-authgssapi.noarch : mod_auth_gssapi based login plugin
java-oauth.noarch : An open protocol to allow API authentication
java-oauth-javadoc.noarch : Javadoc for java-oauth
kf5-kauth-devel.x86_64 : Development files for kf5-kauth
liboauth.i686 : OAuth library functions
liboauth.x86_64 : OAuth library functions
liboauth-devel.i686 : Development files for liboauth
liboauth-devel.x86_64 : Development files for liboauth
lighttpd-mod_authn_gssapi.x86_64 : Authentication module for lighttpd that uses GSSAPI
lighttpd-mod_authn_mysql.x86_64 : Authentication module for lighttpd that uses a MySQL
                                : database
lighttpd-mod_authn_pam.x86_64 : Authentication module for lighttpd that uses PAM
mod_auth_gssapi.x86_64 : A GSSAPI Authentication module for Apache
mod_auth_kerb.x86_64 : Kerberos authentication module for HTTP
mod_auth_mellon.x86_64 : A SAML 2.0 authentication module for the Apache Httpd Server
mod_auth_mellon-diagnostics.x86_64 : Build of mod_auth_mellon with diagnostic logging
mod_auth_ntlm_winbind.x86_64 : NTLM authentication for the Apache web server using
                             : winbind daemon
mod_auth_openid.x86_64 : OpenID authentication for apache
mod_auth_openidc.x86_64 : OpenID Connect auth module for Apache HTTP Server
mod_authnz_external.x86_64 : An Apache module used for authentication
mod_authnz_pam.x86_64 : PAM authorization checker and PAM Basic Authentication provider
nodejs-basic-auth.noarch : Generic basic auth Authorization header field parser for
                         : whatever
nodejs-basic-auth-connect.noarch : Basic authentication middleware for Node.js and
                                 : Connect
nodejs-basic-auth-parser.noarch : Parse Basic Auth Authorization HTTP headers
nodejs-grunt-git-authors.noarch : A Grunt module to generate a list of authors from git
                                : history
nodejs-oauth-sign.noarch : OAuth1 signing for Node.js
opensips-auth_aaa.x86_64 : Performs authentication using an AAA server
opensips-auth_diameter.x86_64 : Performs authentication using a Diameter server
openssh-ldap-authkeys.noarch : Python script to generate SSH authorized_keys files using
                             : an LDAP directory
openvpn-auth-ldap.x86_64 : OpenVPN plugin for LDAP authentication
pam_ssh_agent_auth.i686 : PAM module for authentication with ssh-agent
pam_ssh_agent_auth.x86_64 : PAM module for authentication with ssh-agent
pam_ssh_user_auth.x86_64 : PAM module to help with SSH_USER_AUTH
perl-AuthCAS.noarch : Client library for CAS 2.0 authentication server
perl-Authen-DigestMD5.noarch : SASL DIGEST-MD5 authentication (RFC2831)
perl-Authen-PAM.x86_64 : Authen::PAM Perl module
perl-Authen-SASL.noarch : SASL Authentication framework for Perl
perl-Authen-Simple.noarch : Simple Authentication
perl-Authen-Simple-Passwd.noarch : Simple Passwd authentication
perl-LWP-Authen-Negotiate.noarch : GSSAPI based Authentication Plugin for LWP
perl-Mail-AuthenticationResults.noarch : Object Oriented Authentication-Results Headers
perl-Module-Install-AuthorTests.noarch : Designate tests only run by module authors
perl-Net-Facebook-Oauth2.noarch : Simple Perl wrapper around Facebook OAuth 2.0 protocol
perl-Net-OAuth.noarch : OAuth protocol support library for Perl
php-ZendFramework-Auth-Adapter-Ldap.noarch : Zend Framework LDAP Authentication Adapter
php-ZendFramework2-Authentication.noarch : Zend Framework 2: Authentication Component
php-akamai-open-edgegrid-auth.noarch : Implements the Akamai {OPEN} EdgeGrid
                                     : Authentication
php-ezc-Authentication.noarch : Support for different means of identification and
                              : authentication
php-ezc-AuthenticationDatabaseTiein.noarch : Provides a Database filter for the
                                           : Authentication component
php-horde-Horde-Auth.noarch : Horde Authentication API
php-horde-Horde-Oauth.noarch : Horde OAuth client/server
php-pear-Auth.noarch : Authentication provider for PHP
php-pear-Auth-radius.noarch : RADIUS support for php-pear-Auth
php-pear-Auth-samba.noarch : Samba support for php-pear-Auth
php-pear-HTTP-OAuth.noarch : Implementation of the OAuth spec
php-pecl-oauth.x86_64 : PHP OAuth consumer extension
php54-php-pecl-oauth.x86_64 : PHP OAuth consumer extension
php55-php-pecl-oauth.x86_64 : PHP OAuth consumer extension
php56-php-pecl-oauth.x86_64 : PHP OAuth consumer extension
php70-php-pecl-oauth.x86_64 : PHP OAuth consumer extension
php71-php-pecl-oauth.x86_64 : PHP OAuth consumer extension
php72-php-pecl-oauth.x86_64 : PHP OAuth consumer extension
php73-php-pecl-oauth.x86_64 : PHP OAuth consumer extension
php74-php-pecl-oauth.x86_64 : PHP OAuth consumer extension
php80-php-pecl-oauth.x86_64 : PHP OAuth consumer extension
php81-php-pecl-oauth.x86_64 : PHP OAuth consumer extension
php82-php-pecl-oauth.x86_64 : PHP OAuth consumer extension
pwauth.x86_64 : External plugin for mod_authnz_external authenticator
python-oauth.noarch : Library for OAuth version 1.0a
python-oauth2.noarch : Python support for improved oauth
python-rauth.noarch : A Python library for OAuth 1.0/a, 2.0, and Ofly
python-social-auth.noarch : Social auth made simple
python-social-auth-doc.noarch : Documentation for Python Social Auth
python2-authres.noarch : Authentication Results Header Module
python2-google-auth.noarch : Google Auth Python Library
python2-oauth2client.noarch : Python client library for OAuth 2.0
python2-oauthlib.noarch : An implementation of the OAuth request-signing logic
python2-requests-oauthlib.noarch : OAuthlib authentication support for Requests.
python2-www-authenticate.noarch : Python library for parsing WWW-Authenticate HTTP header
                                : values
python3-authres.noarch : Authentication Results Header Module
python36-oauth2client.noarch : Python client library for OAuth 2.0
python36-www-authenticate.noarch : Python library for parsing WWW-Authenticate HTTP
                                 : header values
qoauth.x86_64 : Qt-based C++ library for OAuth authorization scheme
qoauth-devel.x86_64 : Development files for the Qt OAuth support library
root-net-auth.x86_64 : Authentication extension for ROOT
sems-conf_auth.x86_64 : Conference with authorization
uwsgi-router-basicauth.x86_64 : uWSGI - Plugin for Basic Auth router support
xorg-x11-xauth.x86_64 : X.Org X11 X authority utilities
authd.x86_64 : A RFC 1413 ident protocol daemon
borgbackup.x86_64 : A deduplicating backup program with compression and authenticated
                  : encryption
canl-c.x86_64 : EMI Common Authentication library - bindings for C
canl-c++.x86_64 : EMI Common Authentication library - bindings for C++
canl-c++-devel.x86_64 : EMI Common Authentication library - development files for C++
canl-c++-python.x86_64 : EMI Common Authentication library - Python bindings
canl-java.noarch : EMI Common Authentication library - bindings for Java
certbot.noarch : A free, automated certificate authority client
cntlm.x86_64 : Fast NTLM authentication proxy with tunneling
cryptlib.x86_64 : Security library and toolkit for encryption and authentication services
cyrus-sasl-gssapi.i686 : GSSAPI authentication support for Cyrus SASL
cyrus-sasl-gssapi.x86_64 : GSSAPI authentication support for Cyrus SASL
cyrus-sasl-md5.i686 : CRAM-MD5 and DIGEST-MD5 authentication support for Cyrus SASL
cyrus-sasl-md5.x86_64 : CRAM-MD5 and DIGEST-MD5 authentication support for Cyrus SASL
cyrus-sasl-ntlm.i686 : NTLM authentication support for Cyrus SASL
cyrus-sasl-ntlm.x86_64 : NTLM authentication support for Cyrus SASL
cyrus-sasl-plain.i686 : PLAIN and LOGIN authentication support for Cyrus SASL
cyrus-sasl-plain.x86_64 : PLAIN and LOGIN authentication support for Cyrus SASL
dnsperf.x86_64 : Benchmarking authorative and recursing DNS servers
erlang-eradius.x86_64 : RADIUS authentication/accounting for erlang apps
fail2ban.noarch : Daemon to ban hosts that cause multiple authentication errors
fprintd-pam.i686 : PAM module for fingerprint authentication
fprintd-pam.x86_64 : PAM module for fingerprint authentication
fwknop.x86_64 : A Single Packet Authorization (SPA) implementation
geronimo-jaspic-spec.noarch : Java Authentication SPI for Containers
golang-github-duosecurity-duo_api_golang-devel.noarch : Duo Security API for strong
                                                      : two-factor authentication
google-authenticator.x86_64 : One-time pass-code support using open standards
gsi-openssh.x86_64 : An implementation of the SSH protocol with GSI authentication and
                   : HPN features
gsi-openssh-clients.x86_64 : SSH client applications with GSI authentication
gsi-openssh-server.x86_64 : SSH server daemon with GSI authentication
hostapd.x86_64 : IEEE 802.11 AP, IEEE 802.1X/WPA/WPA2/EAP/RADIUS Authenticator
ipa-client.x86_64 : IPA authentication for use on clients
ipa-server.x86_64 : The IPA authentication server
ipsilon-authform.noarch : mod_intercept_form_submit login plugin
ipsilon-authldap.noarch : LDAP info and login plugin
jboss-jaspi-1.0-api.noarch : JBoss Java Authentication SPI for Containers 1.0 API
jboss-jaspi-1.1-api.noarch : JBoss Java Authentication SPI for Containers 1.1 API
kf5-kauth.x86_64 : KDE Frameworks 5 Tier 2 integration module to perform actions as
                 : privileged user
knot.x86_64 : High-performance authoritative DNS server
libXau.i686 : Sample Authorization Protocol for X
libXau.x86_64 : Sample Authorization Protocol for X
libcgroup-pam.i686 : A Pluggable Authentication Module for libcgroup
libcgroup-pam.x86_64 : A Pluggable Authentication Module for libcgroup
libntlm.x86_64 : NTLM authentication library
libntlm.i686 : NTLM authentication library
mate-polkit.x86_64 : Integrates polkit authentication for MATE desktop
mod_auth_cas.x86_64 : Apache 2.2/2.4 compliant module that supports the CASv1 and CASv2
                    : protocols
mod_auth_token.x86_64 : Token based URI access module for Apache
mod_intercept_form_submit.x86_64 : Apache module to intercept login form submission and
                                 : run PAM authentication
mod_ldap.x86_64 : LDAP authentication modules for the Apache HTTP Server
mod_lookup_identity.x86_64 : Apache module to retrieve additional information about the
                           : authenticated user
munge.x86_64 : Enables uid & gid authentication across a host cluster
munge-devel.x86_64 : Development files for uid * gid authentication acrosss a host
                   : cluster
munge-libs.x86_64 : Runtime libs for uid * gid authentication acrosss a host cluster
ncrack.x86_64 : High-speed network auth cracking tool
nodejs-hawk.noarch : HTTP Hawk authentication scheme
nordugrid-arc-ca-utils.noarch : NorduGrid authentication tools
nordugrid-arc-gridmap-utils.noarch : NorduGrid authorization tools
nsd.x86_64 : Fast and lean authoritative DNS Name Server
openconnect-devel.x86_64 : Development package for OpenConnect VPN authentication tools
opendmarc.x86_64 : A Domain-based Message Authentication, Reporting & Conformance (DMARC)
                 : milter and library
pam.x86_64 : An extensible library which provides authentication for applications
pam.i686 : An extensible library which provides authentication for applications
pam_2fa.x86_64 : Second factor authentication for PAM
pam_krb5.i686 : A Pluggable Authentication Module for Kerberos 5
pam_krb5.x86_64 : A Pluggable Authentication Module for Kerberos 5
pam_mapi.x86_64 : PAM module for authentication via MAPI against a Zarafa server
pam_oath.x86_64 : A PAM module for pluggable login authentication for OATH
pam_radius.x86_64 : PAM Module for RADIUS Authentication
pam_url.x86_64 : PAM module to authenticate with HTTP servers
pam_yubico.x86_64 : A Pluggable Authentication Module for yubikeys
pamtester.x86_64 : Utility to test Pluggable Authentication Modules (PAM)
pdns.x86_64 : A modern, advanced and high performance authoritative-only nameserver
pdns-recursor.x86_64 : Modern, advanced and high performance recursing/non authoritative
                     : name server
perl-Authen-Captcha.noarch : Perl extension for creating captchas
perl-Authen-Credential.noarch : Abstraction of a credential
perl-Authen-DecHpwd.x86_64 : DEC VMS password hashing
perl-Authen-Krb5.x86_64 : Krb5 Perl module
perl-Authen-Passphrase.noarch : Hashed passwords/passphrases as objects
perl-Authen-Radius.noarch : Provide simple Radius client facilities
perl-Digest-HMAC.noarch : Keyed-Hashing for Message Authentication
perl-POE-Test-Loops.noarch : Reusable tests for POE::Loop authors
perl-Test-DistManifest.noarch : Author test that validates a package MANIFEST
perl-UNIVERSAL-isa.noarch : Hack around module authors using UNIVERSAL::isa as a function
php-pear-Auth-RADIUS.noarch : Wrapper Classes for the RADIUS PECL
php-pear-Auth-SASL.noarch : Abstraction of various SASL mechanism responses
php-pear-CAS.noarch : Central Authentication Service client library in php
php-pecl-krb5.x86_64 : Kerberos authentification extension
php54-php-pecl-krb5.x86_64 : Kerberos authentification extension
php55-php-pecl-krb5.x86_64 : Kerberos authentification extension
php56-php-pecl-krb5.x86_64 : Kerberos authentification extension
php70-php-pecl-krb5.x86_64 : Kerberos authentification extension
php71-php-pecl-krb5.x86_64 : Kerberos authentification extension
php72-php-pecl-krb5.x86_64 : Kerberos authentification extension
php73-php-pecl-krb5.x86_64 : Kerberos authentification extension
php74-php-pecl-krb5.x86_64 : Kerberos authentification extension
php80-php-pecl-krb5.x86_64 : Kerberos authentification extension
php81-php-pecl-krb5.x86_64 : Kerberos authentification extension
php82-php-pecl-krb5.x86_64 : Kerberos authentification extension
pki-ca.noarch : Certificate System - Certificate Authority
pki-kra.noarch : Certificate System - Key Recovery Authority
polkit.i686 : An authorization framework
polkit.x86_64 : An authorization framework
polkit-pkla-compat.x86_64 : Rules for polkit to add compatibility with pklocalauthority
python-auth-credential.noarch : Python abstraction of a credential
python-django-fas.noarch : Django auth backend for FAS (Fedora Accounts System)
python-pam.noarch : Pure Python interface to the Pluggable Authentication Modules system
                  : on Linux
python-repoze-who.noarch : An identification and authentication framework for WSGI
python-requests-kerberos.noarch : A Kerberos authentication handler for python-requests
python-velruse.noarch : Simplify third-party authentication for web applications
python2-certbot-dns-cloudflare.noarch : Cloudflare DNS Authenticator plugin for Certbot
python2-certbot-dns-cloudxns.noarch : CloudXNS DNS Authenticator plugin for Certbot
python2-certbot-dns-digitalocean.noarch : DigitalOcean DNS Authenticator plugin for
                                        : Certbot
python2-certbot-dns-dnsimple.noarch : DNSimple DNS Authenticator plugin for Certbot
python2-certbot-dns-dnsmadeeasy.noarch : DNS Made Easy DNS Authenticator plugin for
                                       : Certbot
python2-certbot-dns-gehirn.noarch : Gehirn Infrastructure Service DNS Authenticator
                                  : plugin for Certbot
python2-certbot-dns-google.noarch : Google Cloud DNS Authenticator plugin for Certbot
python2-certbot-dns-linode.noarch : Linode DNS Authenticator plugin for Certbot
python2-certbot-dns-luadns.noarch : LuaDNS Authenticator plugin for Certbot
python2-certbot-dns-nsone.noarch : NS1 DNS Authenticator plugin for Certbot
python2-certbot-dns-ovh.noarch : OVH DNS Authenticator plugin for Certbot
python2-certbot-dns-rfc2136.noarch : RFC 2136 DNS Authenticator plugin for Certbot
python2-certbot-dns-route53.noarch : Route53 DNS Authenticator plugin for Certbot
python2-certbot-dns-sakuracloud.noarch : Sakura Cloud DNS Authenticator plugin for
                                       : Certbot
python2-fedora-flask.noarch : Python modules for flask applications authing to Fedora
                            : Account System
python2-ntlm-auth.noarch : Python 3 compatible NTLM library
python2-requests-gssapi.noarch : A GSSAPI/SPNEGO authentication handler for
                               : python-requests
python3-auth-credential.noarch : Python abstraction of a credential
python36-requests-gssapi.noarch : A GSSAPI/SPNEGO authentication handler for
                                : python-requests
python36-simplepam.noarch : Pure Python interface to the Pluggable Authentication Modules
                          : system on Linux
python36-urllib-gssapi.noarch : A GSSAPI/SPNEGO authentication handler for urllib/urllib2
remctl.x86_64 : Client/server for Kerberos-authenticated command execution
root-net-rpdutils.x86_64 : Authentication utilities used by xproofd
rsyslog-gssapi.x86_64 : GSSAPI authentication and encryption support for rsyslog
signpost-core.noarch : A simple, light-weight, and modular OAuth client library for the
                     : Java platform
sshpass.x86_64 : Non-interactive SSH authentication utility
sssd-krb5.x86_64 : The Kerberos authentication back end for the SSSD
sssd-krb5-common.x86_64 : SSSD helpers needed for Kerberos and GSSAPI authentication
texworks.x86_64 : A simple IDE for authoring TeX documents
thunderbird-enigmail.noarch : Authentication and encryption extension for Mozilla
                            : Thunderbird
xfce-polkit.x86_64 : Simple PolicyKit authentication agent for Xfce
xrootd-scitokens.x86_64 : SciTokens authorization support for XRootD
yadifa.x86_64 : Lightweight authoritative Name Server with DNSSEC capabilities

  Name and summary matches only, use "search all" for everything.
[banner@stapp03 pam.d]$
[banner@stapp03 pam.d]$
[banner@stapp03 pam.d]$ yum search authnz
Loaded plugins: fastestmirror, ovl
ovl: Error while doing RPMdb copy-up:
[Errno 13] Permission denied: '/var/lib/rpm/Sigmd5'
Repodata is over 2 weeks old. Install yum-cron? Or run: yum makecache fast
Loading mirror speeds from cached hostfile
 * base: mirror.vacares.com
 * epel: mirrors.xmission.com
 * extras: mirrors.gigenet.com
 * remi-php72: muug.ca
 * remi-safe: muug.ca
 * updates: mirrors.gigenet.com
================================== N/S matched: authnz ==================================
mod_authnz_external.x86_64 : An Apache module used for authentication
mod_authnz_pam.x86_64 : PAM authorization checker and PAM Basic Authentication provider
pwauth.x86_64 : External plugin for mod_authnz_external authenticator

  Name and summary matches only, use "search all" for everything.
[banner@stapp03 pam.d]$ sudo yum search authnz
Loaded plugins: fastestmirror, ovl
Repodata is over 2 weeks old. Install yum-cron? Or run: yum makecache fast
Determining fastest mirrors
Could not retrieve mirrorlist http://mirrorlist.centos.org/?release=7&arch=x86_64&repo=os
&infra=container error was
14: curl#6 - "Could not resolve host: mirrorlist.centos.org; Unknown error"
Could not retrieve mirrorlist http://mirrorlist.centos.org/?release=7&arch=x86_64&repo=ex
tras&infra=container error was
14: curl#6 - "Could not resolve host: mirrorlist.centos.org; Unknown error"
Could not retrieve mirrorlist http://mirrorlist.centos.org/?release=7&arch=x86_64&repo=up
dates&infra=container error was
14: curl#6 - "Could not resolve host: mirrorlist.centos.org; Unknown error"
 * base: mirror.vacares.com
 * epel: mirror.steadfastnet.com
 * extras: mirror.genesisadaptive.com
 * remi-php72: muug.ca
 * remi-safe: muug.ca
 * updates: mirror.centos.iad1.serverforge.org

================================== N/S matched: authnz ==================================
mod_authnz_external.x86_64 : An Apache module used for authentication
mod_authnz_pam.x86_64 : PAM authorization checker and PAM Basic Authentication provider
pwauth.x86_64 : External plugin for mod_authnz_external authenticator

  Name and summary matches only, use "search all" for everything.
[banner@stapp03 pam.d]$
[banner@stapp03 pam.d]$ sudo yum info mod_authnz_external
Loaded plugins: fastestmirror, ovl
Repodata is over 2 weeks old. Install yum-cron? Or run: yum makecache fast
Loading mirror speeds from cached hostfile
 * base: mirror.vacares.com
 * epel: mirror.steadfastnet.com
 * extras: mirror.genesisadaptive.com
 * remi-php72: muug.ca
 * remi-safe: muug.ca
 * updates: mirror.centos.iad1.serverforge.org
Available Packages
Name        : mod_authnz_external
Arch        : x86_64
Version     : 3.3.3
Release     : 3.el7
Size        : 31 k
Repo        : epel/x86_64
Summary     : An Apache module used for authentication
URL         : https://github.com/phokz/mod-auth-external/
License     : ASL 1.0
Description : Mod_Auth_External can be used to quickly construct secure, reliable
            : authentication systems.  It can also be misused to quickly open gaping
            : holes in your security.  Read the documentation, and use with extreme
            : caution.

[banner@stapp03 pam.d]$ sudo yum info mod_authnz_pam
Loaded plugins: fastestmirror, ovl
Repodata is over 2 weeks old. Install yum-cron? Or run: yum makecache fast
Loading mirror speeds from cached hostfile
 * base: mirror.vacares.com
 * epel: mirror.steadfastnet.com
 * extras: mirror.genesisadaptive.com
 * remi-php72: muug.ca
 * remi-safe: muug.ca
 * updates: mirror.centos.iad1.serverforge.org
Available Packages
Name        : mod_authnz_pam
Arch        : x86_64
Version     : 1.1.0
Release     : 1.el7
Size        : 15 k
Repo        : base/7/x86_64
Summary     : PAM authorization checker and PAM Basic Authentication provider
URL         : http://www.adelton.com/apache/mod_authnz_pam/
License     : ASL 2.0
Description : mod_authnz_pam is a PAM authorization module, supplementing
            : authentication done by other modules, for example mod_auth_kerb; it
            : can also be used as full Basic Authentication provider which runs the
            : [login, password] authentication through the PAM stack.

[banner@stapp03 pam.d]$ sudo yum info mod_authz
Loaded plugins: fastestmirror, ovl
Repodata is over 2 weeks old. Install yum-cron? Or run: yum makecache fast
Loading mirror speeds from cached hostfile
 * base: mirror.vacares.com
 * epel: mirror.steadfastnet.com
 * extras: mirror.genesisadaptive.com
 * remi-php72: muug.ca
 * remi-safe: muug.ca
 * updates: mirror.centos.iad1.serverforge.org
Error: No matching Packages to list
[banner@stapp03 pam.d]$ sudo yum search mod_authz
Loaded plugins: fastestmirror, ovl
Repodata is over 2 weeks old. Install yum-cron? Or run: yum makecache fast
Loading mirror speeds from cached hostfile
 * base: mirror.vacares.com
 * epel: mirror.steadfastnet.com
 * extras: mirror.genesisadaptive.com
 * remi-php72: muug.ca
 * remi-safe: muug.ca
 * updates: mirror.centos.iad1.serverforge.org
Warning: No matches found for: mod_authz
No matches found
[banner@stapp03 pam.d]$ sudo yum search mod_auth*
Loaded plugins: fastestmirror, ovl
Repodata is over 2 weeks old. Install yum-cron? Or run: yum makecache fast
Loading mirror speeds from cached hostfile
 * base: mirror.vacares.com
 * epel: mirror.steadfastnet.com
 * extras: mirror.genesisadaptive.com
 * remi-php72: muug.ca
 * remi-safe: muug.ca
 * updates: mirror.centos.iad1.serverforge.org
Warning: No matches found for: mod_auth*
No matches found
[banner@stapp03 pam.d]$ sudo yum makecache
Loaded plugins: fastestmirror, ovl
Loading mirror speeds from cached hostfile
epel/x86_64/metalink                                              | 5.1 kB  00:00:00
 * base: mirror.vacares.com
 * epel: pubmirror1.math.uh.edu
 * extras: mirror.genesisadaptive.com
 * remi-php72: muug.ca
 * remi-safe: muug.ca
 * updates: mirror.centos.iad1.serverforge.org
http://mirror.datto.com/CentOS/7.9.2009/os/x86_64/repodata/repomd.xml: [Errno 14] HTTP Er
ror 404 - Not Found
Trying other mirror.
To address this issue please refer to the below wiki article

https://wiki.centos.org/yum-errors

If above article doesn't help to resolve this issue please use https://bugs.centos.org/.

http://mirror.team-cymru.com/CentOS/7.9.2009/os/x86_64/repodata/repomd.xml: [Errno 14] HT
TP Error 404 - Not Found
Trying other mirror.
http://mirror.vacares.com/centos/7.9.2009/os/x86_64/repodata/repomd.xml: [Errno 14] HTTP
Error 404 - Not Found
Trying other mirror.
http://mirror.wdc2.us.leaseweb.net/centos/7.9.2009/os/x86_64/repodata/repomd.xml: [Errno
14] HTTP Error 404 - Not Found
Trying other mirror.
http://mirror.math.princeton.edu/pub/centos/7.9.2009/os/x86_64/repodata/repomd.xml: [Errn
o 14] HTTP Error 404 - Not Found
Trying other mirror.
http://mirror.ette.biz/centos/7.9.2009/os/x86_64/repodata/repomd.xml: [Errno 14] HTTP Err
or 404 - Not Found
Trying other mirror.
http://ziply.mm.fcix.net/centos/7.9.2009/os/x86_64/repodata/repomd.xml: [Errno 14] HTTP E
rror 404 - Not Found
Trying other mirror.
http://packages.oit.ncsu.edu/centos/7.9.2009/os/x86_64/repodata/repomd.xml: [Errno 14] HT
TP Error 404 - Not Found
Trying other mirror.
http://mirror.web-ster.com/centos/7.9.2009/os/x86_64/repodata/repomd.xml: [Errno 14] HTTP
 Error 404 - Not Found
Trying other mirror.
http://mirrors.maine.edu/CentOS/7.9.2009/os/x86_64/repodata/repomd.xml: [Errno 14] curl#7
 - "Failed to connect to 2610:48:100:820::ad: Cannot assign requested address"
Trying other mirror.
epel                                                              | 4.3 kB  00:00:00
extras                                                            | 7.7 kB  00:00:00
http://mirror.genesisadaptive.com/centos/7.9.2009/extras/x86_64/repodata/repomd.xml: [Err
no -1] Error importing repomd.xml for extras: Damaged repomd.xml file
Trying other mirror.
http://mirror.us.oneandone.net/linux/distributions/centos/7.9.2009/extras/x86_64/repodata
/repomd.xml: [Errno 14] HTTPS Error 404 - Not Found
Trying other mirror.
http://mirror.siena.edu/centos/7.9.2009/extras/x86_64/repodata/repomd.xml: [Errno 14] HTT
P Error 404 - Not Found
Trying other mirror.
http://distro.ibiblio.org/centos/7.9.2009/extras/x86_64/repodata/repomd.xml: [Errno 14] H
TTP Error 404 - Not Found
Trying other mirror.
http://centos-distro.1gservers.com/7.9.2009/extras/x86_64/repodata/repomd.xml: [Errno 14]
 HTTP Error 404 - Not Found
Trying other mirror.
http://nnenix.mm.fcix.net/centos/7.9.2009/extras/x86_64/repodata/repomd.xml: [Errno 14] H
TTP Error 404 - Not Found
Trying other mirror.
http://mirrors.gigenet.com/centos/7.9.2009/extras/x86_64/repodata/repomd.xml: [Errno 14]
HTTP Error 404 - Not Found
Trying other mirror.
http://ftp.ussg.iu.edu/linux/centos/7.9.2009/extras/x86_64/repodata/repomd.xml: [Errno 14
] HTTPS Error 404 - Not Found
Trying other mirror.
http://mirror.clarkson.edu/centos/7.9.2009/extras/x86_64/repodata/repomd.xml: [Errno 14]
HTTP Error 404 - Not Found
Trying other mirror.
http://mirror.ette.biz/centos/7.9.2009/extras/x86_64/repodata/repomd.xml: [Errno 14] HTTP
 Error 404 - Not Found
Trying other mirror.
remi-php72                                                        | 3.0 kB  00:00:00
remi-safe                                                         | 3.0 kB  00:00:00
http://mirror.team-cymru.com/CentOS/7.9.2009/updates/x86_64/repodata/repomd.xml: [Errno 1
4] HTTP Error 404 - Not Found
Trying other mirror.
updates                                                           | 2.9 kB  00:00:00
(1/15): epel/x86_64/group                                         | 399 kB  00:00:00
(2/15): epel/x86_64/other_db                                      | 4.1 MB  00:00:00
(3/15): epel/x86_64/updateinfo                                    | 1.0 MB  00:00:01
(4/15): epel/x86_64/prestodelta                                   |  592 B  00:00:01
(5/15): remi-php72/filelists_db                                   | 209 kB  00:00:00
(6/15): remi-php72/other_db                                       |  59 kB  00:00:00
(7/15): epel/x86_64/filelists_db                                  |  15 MB  00:00:02
(8/15): remi-safe/primary_db                                      | 2.6 MB  00:00:00
(9/15): remi-safe/other_db                                        | 678 kB  00:00:00
updates/7/x86_64/filelists_db  FAILED                                          00:12 ETA
http://mirror.team-cymru.com/CentOS/7.9.2009/updates/x86_64/repodata/5369f2a8002377225721
1f0a8bafad10a8939d12c2997809d5bce0f65d7a0f91-filelists.sqlite.bz2: [Errno 14] HTTP Error
404 - Not Found
Trying other mirror.
updates/7/x86_64/primary_db    FAILED
http://mirror.team-cymru.com/CentOS/7.9.2009/updates/x86_64/repodata/f19044932626155f0cd8
49e88972b84875fc85e3308b4d622844a911c4ef54d0-primary.sqlite.bz2: [Errno 14] HTTP Error 40
4 - Not Found
Trying other mirror.
updates/7/x86_64/other_db      FAILED
http://mirror.team-cymru.com/CentOS/7.9.2009/updates/x86_64/repodata/14ff80eeb5b7c2c703cb
151b97a17a9cec41fbe5c820b6e73a015d522e02bfe7-other.sqlite.bz2: [Errno 14] HTTP Error 404
- Not Found
Trying other mirror.
updates/7/x86_64/primary_db    FAILED
http://ohioix.mm.fcix.net/centos/7.9.2009/updates/x86_64/repodata/f19044932626155f0cd849e
88972b84875fc85e3308b4d622844a911c4ef54d0-primary.sqlite.bz2: [Errno 14] HTTP Error 404 -
 Not Found
Trying other mirror.
updates/7/x86_64/other_db      FAILED                                          00:10 ETA
http://ftp.osuosl.org/pub/centos/7.9.2009/updates/x86_64/repodata/14ff80eeb5b7c2c703cb151
b97a17a9cec41fbe5c820b6e73a015d522e02bfe7-other.sqlite.bz2: [Errno 14] HTTP Error 404 - N
ot Found
Trying other mirror.
(10/15): epel/x86_64/primary_db                                   | 8.7 MB  00:00:03
(11/15): updates/7/x86_64/filelists_db                            |  15 MB  00:00:00
updates/7/x86_64/other_db      FAILED
http://mirror.facebook.net/centos/7.9.2009/updates/x86_64/repodata/14ff80eeb5b7c2c703cb15
1b97a17a9cec41fbe5c820b6e73a015d522e02bfe7-other.sqlite.bz2: [Errno 14] HTTP Error 404 -
Not Found
Trying other mirror.
(12/15): updates/7/x86_64/other_db                                | 1.6 MB  00:00:00
(13/15): updates/7/x86_64/primary_db                              |  27 MB  00:00:01
(14/15): remi-php72/primary_db                                    | 267 kB  00:00:05
(15/15): remi-safe/filelists_db                                   | 2.1 MB  00:00:05

base/7/x86_64/other_db         FAILED
http://mirror.datto.com/CentOS/7.9.2009/os/x86_64/repodata/ecaab5cc3b9c10fefe6be2ecbf6f9f
cb437231dac3e82cab8d9d2cf70e99644d-other.sqlite.bz2: [Errno 14] HTTP Error 404 - Not Foun
d
Trying other mirror.
base/7/x86_64/filelists_db     FAILED
http://mirror.datto.com/CentOS/7.9.2009/os/x86_64/repodata/d6d94c7d406fe7ad4902a97104b39a
0d8299451832a97f31d71653ba982c955b-filelists.sqlite.bz2: [Errno 14] HTTP Error 404 - Not
Found
Trying other mirror.
extras/7/x86_64/filelists_db   FAILED                                          --:-- ETA
http://mirror.genesisadaptive.com/centos/7.9.2009/extras/x86_64/repodata/a9895ef0dcbbc894
e0c3c35aee749164531a7eadac3a07380418201ed9cdb28c-filelists.sqlite.bz2: [Errno -1] Metadat
a file does not match checksum
Trying other mirror.
base/7/x86_64/filelists_db     FAILED
http://mirror.team-cymru.com/CentOS/7.9.2009/os/x86_64/repodata/d6d94c7d406fe7ad4902a9710
4b39a0d8299451832a97f31d71653ba982c955b-filelists.sqlite.bz2: [Errno 14] HTTP Error 404 -
 Not Found
Trying other mirror.
extras/7/x86_64/filelists_db   FAILED
http://mirror.siena.edu/centos/7.9.2009/extras/x86_64/repodata/a9895ef0dcbbc894e0c3c35aee
749164531a7eadac3a07380418201ed9cdb28c-filelists.sqlite.bz2: [Errno 14] HTTP Error 404 -
Not Found
Trying other mirror.
base/7/x86_64/other_db         FAILED
http://mirror.team-cymru.com/CentOS/7.9.2009/os/x86_64/repodata/ecaab5cc3b9c10fefe6be2ecb
f6f9fcb437231dac3e82cab8d9d2cf70e99644d-other.sqlite.bz2: [Errno 14] HTTP Error 404 - Not
 Found
Trying other mirror.
base/7/x86_64/filelists_db     FAILED
http://mirror.vacares.com/centos/7.9.2009/os/x86_64/repodata/d6d94c7d406fe7ad4902a97104b3
9a0d8299451832a97f31d71653ba982c955b-filelists.sqlite.bz2: [Errno 14] HTTP Error 404 - No
t Found
Trying other mirror.
extras/7/x86_64/other_db       FAILED
http://mirror.us.oneandone.net/linux/distributions/centos/7.9.2009/extras/x86_64/repodata
/78c0e5530bc46d128e18eca9ff16b2d0651efdb33434408f8ff1db4d14f1bb99-other.sqlite.bz2: [Errn
o 14] HTTPS Error 404 - Not Found
Trying other mirror.
base/7/x86_64/other_db         FAILED
http://mirror.wdc2.us.leaseweb.net/centos/7.9.2009/os/x86_64/repodata/ecaab5cc3b9c10fefe6
be2ecbf6f9fcb437231dac3e82cab8d9d2cf70e99644d-other.sqlite.bz2: [Errno 14] HTTP Error 404
 - Not Found
Trying other mirror.
extras/7/x86_64/filelists_db   FAILED
http://distro.ibiblio.org/centos/7.9.2009/extras/x86_64/repodata/a9895ef0dcbbc894e0c3c35a
ee749164531a7eadac3a07380418201ed9cdb28c-filelists.sqlite.bz2: [Errno 14] HTTP Error 404
- Not Found
Trying other mirror.
base/7/x86_64/filelists_db     FAILED
http://mirror.math.princeton.edu/pub/centos/7.9.2009/os/x86_64/repodata/d6d94c7d406fe7ad4
902a97104b39a0d8299451832a97f31d71653ba982c955b-filelists.sqlite.bz2: [Errno 14] HTTP Err
or 404 - Not Found
Trying other mirror.
extras/7/x86_64/other_db       FAILED
http://centos-distro.1gservers.com/7.9.2009/extras/x86_64/repodata/78c0e5530bc46d128e18ec
a9ff16b2d0651efdb33434408f8ff1db4d14f1bb99-other.sqlite.bz2: [Errno 14] HTTP Error 404 -
Not Found
Trying other mirror.
base/7/x86_64/other_db         FAILED
http://ziply.mm.fcix.net/centos/7.9.2009/os/x86_64/repodata/ecaab5cc3b9c10fefe6be2ecbf6f9
fcb437231dac3e82cab8d9d2cf70e99644d-other.sqlite.bz2: [Errno 14] HTTP Error 404 - Not Fou
nd
Trying other mirror.
extras/7/x86_64/filelists_db   FAILED
http://nnenix.mm.fcix.net/centos/7.9.2009/extras/x86_64/repodata/a9895ef0dcbbc894e0c3c35a
ee749164531a7eadac3a07380418201ed9cdb28c-filelists.sqlite.bz2: [Errno 14] HTTP Error 404
- Not Found
Trying other mirror.
extras/7/x86_64/other_db       FAILED
http://mirrors.gigenet.com/centos/7.9.2009/extras/x86_64/repodata/78c0e5530bc46d128e18eca
9ff16b2d0651efdb33434408f8ff1db4d14f1bb99-other.sqlite.bz2: [Errno 14] HTTP Error 404 - N
ot Found
Trying other mirror.
base/7/x86_64/filelists_db     FAILED
http://packages.oit.ncsu.edu/centos/7.9.2009/os/x86_64/repodata/d6d94c7d406fe7ad4902a9710
4b39a0d8299451832a97f31d71653ba982c955b-filelists.sqlite.bz2: [Errno 14] HTTP Error 404 -
 Not Found
Trying other mirror.
base/7/x86_64/other_db         FAILED
http://mirror.web-ster.com/centos/7.9.2009/os/x86_64/repodata/ecaab5cc3b9c10fefe6be2ecbf6
f9fcb437231dac3e82cab8d9d2cf70e99644d-other.sqlite.bz2: [Errno 14] HTTP Error 404 - Not F
ound
Trying other mirror.
extras/7/x86_64/other_db       FAILED
http://mirror.clarkson.edu/centos/7.9.2009/extras/x86_64/repodata/78c0e5530bc46d128e18eca
9ff16b2d0651efdb33434408f8ff1db4d14f1bb99-other.sqlite.bz2: [Errno 14] HTTP Error 404 - N
ot Found
Trying other mirror.
base/7/x86_64/filelists_db     FAILED
http://mirrors.maine.edu/CentOS/7.9.2009/os/x86_64/repodata/d6d94c7d406fe7ad4902a97104b39
a0d8299451832a97f31d71653ba982c955b-filelists.sqlite.bz2: [Errno 14] curl#7 - "Failed to
connect to 2610:48:100:820::ad: Cannot assign requested address"
Trying other mirror.
base/7/x86_64/other_db         FAILED
http://mirror.ette.biz/centos/7.9.2009/os/x86_64/repodata/ecaab5cc3b9c10fefe6be2ecbf6f9fc
b437231dac3e82cab8d9d2cf70e99644d-other.sqlite.bz2: [Errno 14] HTTP Error 404 - Not Found
Trying other mirror.
base/7/x86_64/other_db         FAILED
http://mirror.vacares.com/centos/7.9.2009/os/x86_64/repodata/ecaab5cc3b9c10fefe6be2ecbf6f
9fcb437231dac3e82cab8d9d2cf70e99644d-other.sqlite.bz2: [Errno 14] HTTP Error 404 - Not Fo
und
Trying other mirror.
base/7/x86_64/other_db         FAILED
http://mirror.math.princeton.edu/pub/centos/7.9.2009/os/x86_64/repodata/ecaab5cc3b9c10fef
e6be2ecbf6f9fcb437231dac3e82cab8d9d2cf70e99644d-other.sqlite.bz2: [Errno 14] HTTP Error 4
04 - Not Found
Trying other mirror.
extras/7/x86_64/filelists_db   FAILED
http://ftp.ussg.iu.edu/linux/centos/7.9.2009/extras/x86_64/repodata/a9895ef0dcbbc894e0c3c
35aee749164531a7eadac3a07380418201ed9cdb28c-filelists.sqlite.bz2: [Errno 14] HTTPS Error
404 - Not Found
Trying other mirror.
base/7/x86_64/filelists_db     FAILED
http://mirror.ette.biz/centos/7.9.2009/os/x86_64/repodata/d6d94c7d406fe7ad4902a97104b39a0
d8299451832a97f31d71653ba982c955b-filelists.sqlite.bz2: [Errno 14] HTTP Error 404 - Not F
ound
Trying other mirror.
extras/7/x86_64/other_db       FAILED
http://mirror.ette.biz/centos/7.9.2009/extras/x86_64/repodata/78c0e5530bc46d128e18eca9ff1
6b2d0651efdb33434408f8ff1db4d14f1bb99-other.sqlite.bz2: [Errno 14] HTTP Error 404 - Not F
ound
Trying other mirror.
base/7/x86_64/other_db         FAILED
http://packages.oit.ncsu.edu/centos/7.9.2009/os/x86_64/repodata/ecaab5cc3b9c10fefe6be2ecb
f6f9fcb437231dac3e82cab8d9d2cf70e99644d-other.sqlite.bz2: [Errno 14] HTTP Error 404 - Not
 Found
Trying other mirror.
extras/7/x86_64/other_db       FAILED
http://mirror.genesisadaptive.com/centos/7.9.2009/extras/x86_64/repodata/78c0e5530bc46d12
8e18eca9ff16b2d0651efdb33434408f8ff1db4d14f1bb99-other.sqlite.bz2: [Errno -1] Metadata fi
le does not match checksum
Trying other mirror.
base/7/x86_64/filelists_db     FAILED
http://mirror.wdc2.us.leaseweb.net/centos/7.9.2009/os/x86_64/repodata/d6d94c7d406fe7ad490
2a97104b39a0d8299451832a97f31d71653ba982c955b-filelists.sqlite.bz2: [Errno 14] HTTP Error
 404 - Not Found
Trying other mirror.
base/7/x86_64/other_db         FAILED
http://mirrors.maine.edu/CentOS/7.9.2009/os/x86_64/repodata/ecaab5cc3b9c10fefe6be2ecbf6f9
fcb437231dac3e82cab8d9d2cf70e99644d-other.sqlite.bz2: [Errno 14] curl#7 - "Failed to conn
ect to 2610:48:100:820::ad: Cannot assign requested address"
Trying other mirror.
extras/7/x86_64/filelists_db   FAILED
http://mirror.us.oneandone.net/linux/distributions/centos/7.9.2009/extras/x86_64/repodata
/a9895ef0dcbbc894e0c3c35aee749164531a7eadac3a07380418201ed9cdb28c-filelists.sqlite.bz2: [
Errno 14] HTTPS Error 404 - Not Found
Trying other mirror.
extras/7/x86_64/other_db       FAILED
http://mirror.siena.edu/centos/7.9.2009/extras/x86_64/repodata/78c0e5530bc46d128e18eca9ff
16b2d0651efdb33434408f8ff1db4d14f1bb99-other.sqlite.bz2: [Errno 14] HTTP Error 404 - Not
Found
Trying other mirror.
base/7/x86_64/filelists_db     FAILED
http://ziply.mm.fcix.net/centos/7.9.2009/os/x86_64/repodata/d6d94c7d406fe7ad4902a97104b39
a0d8299451832a97f31d71653ba982c955b-filelists.sqlite.bz2: [Errno 14] HTTP Error 404 - Not
 Found
Trying other mirror.
extras/7/x86_64/filelists_db   FAILED
http://centos-distro.1gservers.com/7.9.2009/extras/x86_64/repodata/a9895ef0dcbbc894e0c3c3
5aee749164531a7eadac3a07380418201ed9cdb28c-filelists.sqlite.bz2: [Errno 14] HTTP Error 40
4 - Not Found
Trying other mirror.
extras/7/x86_64/other_db       FAILED
http://distro.ibiblio.org/centos/7.9.2009/extras/x86_64/repodata/78c0e5530bc46d128e18eca9
ff16b2d0651efdb33434408f8ff1db4d14f1bb99-other.sqlite.bz2: [Errno 14] HTTP Error 404 - No
t Found
Trying other mirror.
extras/7/x86_64/filelists_db   FAILED
http://mirrors.gigenet.com/centos/7.9.2009/extras/x86_64/repodata/a9895ef0dcbbc894e0c3c35
aee749164531a7eadac3a07380418201ed9cdb28c-filelists.sqlite.bz2: [Errno 14] HTTP Error 404
 - Not Found
Trying other mirror.
base/7/x86_64/filelists_db     FAILED
http://mirror.web-ster.com/centos/7.9.2009/os/x86_64/repodata/d6d94c7d406fe7ad4902a97104b
39a0d8299451832a97f31d71653ba982c955b-filelists.sqlite.bz2: [Errno 14] HTTP Error 404 - N
ot Found
Trying other mirror.
extras/7/x86_64/other_db       FAILED
http://nnenix.mm.fcix.net/centos/7.9.2009/extras/x86_64/repodata/78c0e5530bc46d128e18eca9
ff16b2d0651efdb33434408f8ff1db4d14f1bb99-other.sqlite.bz2: [Errno 14] HTTP Error 404 - No
t Found
Trying other mirror.
extras/7/x86_64/filelists_db   FAILED
http://mirror.clarkson.edu/centos/7.9.2009/extras/x86_64/repodata/a9895ef0dcbbc894e0c3c35
aee749164531a7eadac3a07380418201ed9cdb28c-filelists.sqlite.bz2: [Errno 14] HTTP Error 404
 - Not Found
Trying other mirror.
extras/7/x86_64/filelists_db   FAILED
http://mirror.ette.biz/centos/7.9.2009/extras/x86_64/repodata/a9895ef0dcbbc894e0c3c35aee7
49164531a7eadac3a07380418201ed9cdb28c-filelists.sqlite.bz2: [Errno 14] HTTP Error 404 - N
ot Found
Trying other mirror.
extras/7/x86_64/other_db       FAILED
http://ftp.ussg.iu.edu/linux/centos/7.9.2009/extras/x86_64/repodata/78c0e5530bc46d128e18e
ca9ff16b2d0651efdb33434408f8ff1db4d14f1bb99-other.sqlite.bz2: [Errno 14] HTTPS Error 404
- Not Found
Trying other mirror.
http://mirror.datto.com/CentOS/7.9.2009/os/x86_64/repodata/d6d94c7d406fe7ad4902a97104b39a
0d8299451832a97f31d71653ba982c955b-filelists.sqlite.bz2: [Errno 14] HTTP Error 404 - Not
Found
Trying other mirror.
http://mirror.team-cymru.com/CentOS/7.9.2009/os/x86_64/repodata/d6d94c7d406fe7ad4902a9710
4b39a0d8299451832a97f31d71653ba982c955b-filelists.sqlite.bz2: [Errno 14] HTTP Error 404 -
 Not Found
Trying other mirror.
http://mirror.vacares.com/centos/7.9.2009/os/x86_64/repodata/d6d94c7d406fe7ad4902a97104b3
9a0d8299451832a97f31d71653ba982c955b-filelists.sqlite.bz2: [Errno 14] HTTP Error 404 - No
t Found
Trying other mirror.
http://mirror.wdc2.us.leaseweb.net/centos/7.9.2009/os/x86_64/repodata/d6d94c7d406fe7ad490
2a97104b39a0d8299451832a97f31d71653ba982c955b-filelists.sqlite.bz2: [Errno 14] HTTP Error
 404 - Not Found
Trying other mirror.
http://mirror.math.princeton.edu/pub/centos/7.9.2009/os/x86_64/repodata/d6d94c7d406fe7ad4
902a97104b39a0d8299451832a97f31d71653ba982c955b-filelists.sqlite.bz2: [Errno 14] HTTP Err
or 404 - Not Found
Trying other mirror.
http://mirror.ette.biz/centos/7.9.2009/os/x86_64/repodata/d6d94c7d406fe7ad4902a97104b39a0
d8299451832a97f31d71653ba982c955b-filelists.sqlite.bz2: [Errno 14] HTTP Error 404 - Not F
ound
Trying other mirror.
http://ziply.mm.fcix.net/centos/7.9.2009/os/x86_64/repodata/d6d94c7d406fe7ad4902a97104b39
a0d8299451832a97f31d71653ba982c955b-filelists.sqlite.bz2: [Errno 14] HTTP Error 404 - Not
 Found
Trying other mirror.
http://packages.oit.ncsu.edu/centos/7.9.2009/os/x86_64/repodata/d6d94c7d406fe7ad4902a9710
4b39a0d8299451832a97f31d71653ba982c955b-filelists.sqlite.bz2: [Errno 14] HTTP Error 404 -
 Not Found
Trying other mirror.
http://mirror.web-ster.com/centos/7.9.2009/os/x86_64/repodata/d6d94c7d406fe7ad4902a97104b
39a0d8299451832a97f31d71653ba982c955b-filelists.sqlite.bz2: [Errno 14] HTTP Error 404 - N
ot Found
Trying other mirror.
http://mirrors.maine.edu/CentOS/7.9.2009/os/x86_64/repodata/d6d94c7d406fe7ad4902a97104b39
a0d8299451832a97f31d71653ba982c955b-filelists.sqlite.bz2: [Errno 14] curl#7 - "Failed to
connect to 2610:48:100:820::ad: Cannot assign requested address"
Trying other mirror.


 One of the configured repositories failed (CentOS-7 - Base),
 and yum doesn't have enough cached data to continue. At this point the only
 safe thing yum can do is fail. There are a few ways to work "fix" this:

     1. Contact the upstream for the repository and get them to fix the problem.

     2. Reconfigure the baseurl/etc. for the repository, to point to a working
        upstream. This is most often useful if you are using a newer
        distribution release than is supported by the repository (and the
        packages for the previous distribution release still work).

     3. Run the command with the repository temporarily disabled
            yum --disablerepo=base ...

     4. Disable the repository permanently, so yum won't use it by default. Yum
        will then just ignore the repository until you permanently enable it
        again or use --enablerepo for temporary usage:

            yum-config-manager --disable base
        or
            subscription-manager repos --disable=base

     5. Configure the failing repository to be skipped, if it is unavailable.
        Note that yum will try to contact the repo. when it runs most commands,
        so will have to try and fail each time (and thus. yum will be be much
        slower). If it is a very temporary problem though, this is often a nice
        compromise:

            yum-config-manager --save --setopt=base.skip_if_unavailable=true

failure: repodata/d6d94c7d406fe7ad4902a97104b39a0d8299451832a97f31d71653ba982c955b-fileli
sts.sqlite.bz2 from base: [Errno 256] No more mirrors to try.
http://mirror.datto.com/CentOS/7.9.2009/os/x86_64/repodata/d6d94c7d406fe7ad4902a97104b39a
0d8299451832a97f31d71653ba982c955b-filelists.sqlite.bz2: [Errno 14] HTTP Error 404 - Not
Found
http://mirror.team-cymru.com/CentOS/7.9.2009/os/x86_64/repodata/d6d94c7d406fe7ad4902a9710
4b39a0d8299451832a97f31d71653ba982c955b-filelists.sqlite.bz2: [Errno 14] HTTP Error 404 -
 Not Found
http://mirror.vacares.com/centos/7.9.2009/os/x86_64/repodata/d6d94c7d406fe7ad4902a97104b3
9a0d8299451832a97f31d71653ba982c955b-filelists.sqlite.bz2: [Errno 14] HTTP Error 404 - No
t Found
http://mirror.wdc2.us.leaseweb.net/centos/7.9.2009/os/x86_64/repodata/d6d94c7d406fe7ad490
2a97104b39a0d8299451832a97f31d71653ba982c955b-filelists.sqlite.bz2: [Errno 14] HTTP Error
 404 - Not Found
http://mirror.math.princeton.edu/pub/centos/7.9.2009/os/x86_64/repodata/d6d94c7d406fe7ad4
902a97104b39a0d8299451832a97f31d71653ba982c955b-filelists.sqlite.bz2: [Errno 14] HTTP Err
or 404 - Not Found
http://mirror.ette.biz/centos/7.9.2009/os/x86_64/repodata/d6d94c7d406fe7ad4902a97104b39a0
d8299451832a97f31d71653ba982c955b-filelists.sqlite.bz2: [Errno 14] HTTP Error 404 - Not F
ound
http://ziply.mm.fcix.net/centos/7.9.2009/os/x86_64/repodata/d6d94c7d406fe7ad4902a97104b39
a0d8299451832a97f31d71653ba982c955b-filelists.sqlite.bz2: [Errno 14] HTTP Error 404 - Not
 Found
http://packages.oit.ncsu.edu/centos/7.9.2009/os/x86_64/repodata/d6d94c7d406fe7ad4902a9710
4b39a0d8299451832a97f31d71653ba982c955b-filelists.sqlite.bz2: [Errno 14] HTTP Error 404 -
 Not Found
http://mirror.web-ster.com/centos/7.9.2009/os/x86_64/repodata/d6d94c7d406fe7ad4902a97104b
39a0d8299451832a97f31d71653ba982c955b-filelists.sqlite.bz2: [Errno 14] HTTP Error 404 - N
ot Found
http://mirrors.maine.edu/CentOS/7.9.2009/os/x86_64/repodata/d6d94c7d406fe7ad4902a97104b39
a0d8299451832a97f31d71653ba982c955b-filelists.sqlite.bz2: [Errno 14] curl#7 - "Failed to
connect to 2610:48:100:820::ad: Cannot assign requested address"
[banner@stapp03 pam.d]$
[banner@stapp03 pam.d]$ sudo yum search mod_auth*
Loaded plugins: fastestmirror, ovl
Loading mirror speeds from cached hostfile
Could not retrieve mirrorlist http://mirrorlist.centos.org/?release=7&arch=x86_64&repo=os
&infra=container error was
14: curl#6 - "Could not resolve host: mirrorlist.centos.org; Unknown error"


 One of the configured repositories failed (Unknown),
 and yum doesn't have enough cached data to continue. At this point the only
 safe thing yum can do is fail. There are a few ways to work "fix" this:

     1. Contact the upstream for the repository and get them to fix the problem.

     2. Reconfigure the baseurl/etc. for the repository, to point to a working
        upstream. This is most often useful if you are using a newer
        distribution release than is supported by the repository (and the
        packages for the previous distribution release still work).

     3. Run the command with the repository temporarily disabled
            yum --disablerepo=<repoid> ...

     4. Disable the repository permanently, so yum won't use it by default. Yum
        will then just ignore the repository until you permanently enable it
        again or use --enablerepo for temporary usage:

            yum-config-manager --disable <repoid>
        or
            subscription-manager repos --disable=<repoid>

     5. Configure the failing repository to be skipped, if it is unavailable.
        Note that yum will try to contact the repo. when it runs most commands,
        so will have to try and fail each time (and thus. yum will be be much
        slower). If it is a very temporary problem though, this is often a nice
        compromise:

            yum-config-manager --save --setopt=<repoid>.skip_if_unavailable=true

Cannot find a valid baseurl for repo: base/7/x86_64
[banner@stapp03 pam.d]$ man yum
-bash: man: command not found
[banner@stapp03 pam.d]$ yum --help
Loaded plugins: fastestmirror, ovl
ovl: Error while doing RPMdb copy-up:
[Errno 13] Permission denied: '/var/lib/rpm/Sigmd5'
Usage: yum [options] COMMAND

List of Commands:

check          Check for problems in the rpmdb
check-update   Check for available package updates
clean          Remove cached data
deplist        List a package's dependencies
distribution-synchronization Synchronize installed packages to the latest available versi
ons
downgrade      downgrade a package
erase          Remove a package or packages from your system
fs             Acts on the filesystem data of the host, mainly for removing docs/lanuages
 for minimal hosts.
fssnapshot     Creates filesystem snapshots, or lists/deletes current snapshots.
groups         Display, or use, the groups information
help           Display a helpful usage message
history        Display, or use, the transaction history
info           Display details about a package or group of packages
install        Install a package or packages on your system
list           List a package or groups of packages
load-transaction load a saved transaction from filename
makecache      Generate the metadata cache
provides       Find what package provides the given value
reinstall      reinstall a package
repo-pkgs      Treat a repo. as a group of packages, so we can install/remove all of them
repolist       Display the configured software repositories
search         Search package details for the given string
shell          Run an interactive yum shell
swap           Simple way to swap packages, instead of using shell
update         Update a package or packages on your system
update-minimal Works like upgrade, but goes to the 'newest' package match which fixes a p
roblem that affects your system
updateinfo     Acts on repository update information
upgrade        Update packages taking obsoletes into account
version        Display a version for the machine and/or available repos.


Options:
  -h, --help            show this help message and exit
  -t, --tolerant        be tolerant of errors
  -C, --cacheonly       run entirely from system cache, don't update cache
  -c [config file], --config=[config file]
                        config file location
  -R [minutes], --randomwait=[minutes]
                        maximum command wait time
  -d [debug level], --debuglevel=[debug level]
                        debugging output level
  --showduplicates      show duplicates, in repos, in list/search commands
  -e [error level], --errorlevel=[error level]
                        error output level
  --rpmverbosity=[debug level name]
                        debugging output level for rpm
  -q, --quiet           quiet operation
  -v, --verbose         verbose operation
  -y, --assumeyes       answer yes for all questions
  --assumeno            answer no for all questions
  --version             show Yum version and exit
  --installroot=[path]  set install root
  --enablerepo=[repo]   enable one or more repositories (wildcards allowed)
  --disablerepo=[repo]  disable one or more repositories (wildcards allowed)
  -x [package], --exclude=[package]
                        exclude package(s) by name or glob
  --disableexcludes=[repo]
                        disable exclude from main, for a repo or for
                        everything
  --disableincludes=[repo]
                        disable includepkgs for a repo or for everything
  --obsoletes           enable obsoletes processing during updates
  --noplugins           disable Yum plugins
  --nogpgcheck          disable gpg signature checking
  --disableplugin=[plugin]
                        disable plugins by name
  --enableplugin=[plugin]
                        enable plugins by name
  --skip-broken         skip packages with depsolving problems
  --color=COLOR         control whether color is used
  --releasever=RELEASEVER
                        set value of $releasever in yum config and repo files
  --downloadonly        don't update, just download
  --downloaddir=DLDIR   specifies an alternate directory to store packages
  --setopt=SETOPTS      set arbitrary config and repo options
  --bugfix              Include bugfix relevant packages, in updates
  --security            Include security relevant packages, in updates
  --advisory=ADVS, --advisories=ADVS
                        Include packages needed to fix the given advisory, in
                        updates
  --bzs=BZS             Include packages needed to fix the given BZ, in
                        updates
  --cves=CVES           Include packages needed to fix the given CVE, in
                        updates
  --sec-severity=SEVS, --secseverity=SEVS
                        Include security relevant packages matching the
                        severity, in updates

  Plugin Options:
[banner@stapp03 pam.d]$ yum clean --help
Loaded plugins: fastestmirror, ovl
ovl: Error while doing RPMdb copy-up:
[Errno 13] Permission denied: '/var/lib/rpm/Sigmd5'
Usage: yum [options] COMMAND

List of Commands:

check          Check for problems in the rpmdb
check-update   Check for available package updates
clean          Remove cached data
deplist        List a package's dependencies
distribution-synchronization Synchronize installed packages to the latest available versi
ons
downgrade      downgrade a package
erase          Remove a package or packages from your system
fs             Acts on the filesystem data of the host, mainly for removing docs/lanuages
 for minimal hosts.
fssnapshot     Creates filesystem snapshots, or lists/deletes current snapshots.
groups         Display, or use, the groups information
help           Display a helpful usage message
history        Display, or use, the transaction history
info           Display details about a package or group of packages
install        Install a package or packages on your system
list           List a package or groups of packages
load-transaction load a saved transaction from filename
makecache      Generate the metadata cache
provides       Find what package provides the given value
reinstall      reinstall a package
repo-pkgs      Treat a repo. as a group of packages, so we can install/remove all of them
repolist       Display the configured software repositories
search         Search package details for the given string
shell          Run an interactive yum shell
swap           Simple way to swap packages, instead of using shell
update         Update a package or packages on your system
update-minimal Works like upgrade, but goes to the 'newest' package match which fixes a p
roblem that affects your system
updateinfo     Acts on repository update information
upgrade        Update packages taking obsoletes into account
version        Display a version for the machine and/or available repos.


Options:
  -h, --help            show this help message and exit
  -t, --tolerant        be tolerant of errors
  -C, --cacheonly       run entirely from system cache, don't update cache
  -c [config file], --config=[config file]
                        config file location
  -R [minutes], --randomwait=[minutes]
                        maximum command wait time
  -d [debug level], --debuglevel=[debug level]
                        debugging output level
  --showduplicates      show duplicates, in repos, in list/search commands
  -e [error level], --errorlevel=[error level]
                        error output level
  --rpmverbosity=[debug level name]
                        debugging output level for rpm
  -q, --quiet           quiet operation
  -v, --verbose         verbose operation
  -y, --assumeyes       answer yes for all questions
  --assumeno            answer no for all questions
  --version             show Yum version and exit
  --installroot=[path]  set install root
  --enablerepo=[repo]   enable one or more repositories (wildcards allowed)
  --disablerepo=[repo]  disable one or more repositories (wildcards allowed)
  -x [package], --exclude=[package]
                        exclude package(s) by name or glob
  --disableexcludes=[repo]
                        disable exclude from main, for a repo or for
                        everything
  --disableincludes=[repo]
                        disable includepkgs for a repo or for everything
  --obsoletes           enable obsoletes processing during updates
  --noplugins           disable Yum plugins
  --nogpgcheck          disable gpg signature checking
  --disableplugin=[plugin]
                        disable plugins by name
  --enableplugin=[plugin]
                        enable plugins by name
  --skip-broken         skip packages with depsolving problems
  --color=COLOR         control whether color is used
  --releasever=RELEASEVER
                        set value of $releasever in yum config and repo files
  --downloadonly        don't update, just download
  --downloaddir=DLDIR   specifies an alternate directory to store packages
  --setopt=SETOPTS      set arbitrary config and repo options
  --bugfix              Include bugfix relevant packages, in updates
  --security            Include security relevant packages, in updates
  --advisory=ADVS, --advisories=ADVS
                        Include packages needed to fix the given advisory, in
                        updates
  --bzs=BZS             Include packages needed to fix the given BZ, in
                        updates
  --cves=CVES           Include packages needed to fix the given CVE, in
                        updates
  --sec-severity=SEVS, --secseverity=SEVS
                        Include security relevant packages matching the
                        severity, in updates

  Plugin Options:
[banner@stapp03 pam.d]$
[banner@stapp03 pam.d]$
[banner@stapp03 pam.d]$
[banner@stapp03 pam.d]$
[banner@stapp03 pam.d]$
[banner@stapp03 pam.d]$ yum clean
Loaded plugins: fastestmirror, ovl
ovl: Error while doing RPMdb copy-up:
[Errno 13] Permission denied: '/var/lib/rpm/Sigmd5'
Repodata is over 2 weeks old. Install yum-cron? Or run: yum makecache fast
Error: clean requires an option: headers, packages, metadata, dbcache, plugins, expire-ca
che, rpmdb, all
[banner@stapp03 pam.d]$ sudo yum clean
Loaded plugins: fastestmirror, ovl
Error: clean requires an option: headers, packages, metadata, dbcache, plugins, expire-ca
che, rpmdb, all
[banner@stapp03 pam.d]$ sudo yum clean metadata
Loaded plugins: fastestmirror, ovl
Cleaning repos: base epel extras remi-php72 remi-safe updates
11 metadata files removed
32 sqlite files removed
0 metadata files removed
[banner@stapp03 pam.d]$ sudo yum makecache
Loaded plugins: fastestmirror, ovl
Loading mirror speeds from cached hostfile
Could not retrieve mirrorlist http://mirrorlist.centos.org/?release=7&arch=x86_64&repo=os
&infra=container error was
14: curl#6 - "Could not resolve host: mirrorlist.centos.org; Unknown error"


 One of the configured repositories failed (Unknown),
 and yum doesn't have enough cached data to continue. At this point the only
 safe thing yum can do is fail. There are a few ways to work "fix" this:

     1. Contact the upstream for the repository and get them to fix the problem.

     2. Reconfigure the baseurl/etc. for the repository, to point to a working
        upstream. This is most often useful if you are using a newer
        distribution release than is supported by the repository (and the
        packages for the previous distribution release still work).

     3. Run the command with the repository temporarily disabled
            yum --disablerepo=<repoid> ...

     4. Disable the repository permanently, so yum won't use it by default. Yum
        will then just ignore the repository until you permanently enable it
        again or use --enablerepo for temporary usage:

            yum-config-manager --disable <repoid>
        or
            subscription-manager repos --disable=<repoid>

     5. Configure the failing repository to be skipped, if it is unavailable.
        Note that yum will try to contact the repo. when it runs most commands,
        so will have to try and fail each time (and thus. yum will be be much
        slower). If it is a very temporary problem though, this is often a nice
        compromise:

            yum-config-manager --save --setopt=<repoid>.skip_if_unavailable=true

Cannot find a valid baseurl for repo: base/7/x86_64
[banner@stapp03 pam.d]$
[banner@stapp03 pam.d]$
[banner@stapp03 pam.d]$ ls /etc/yum
yum/         yum.conf     yum.repos.d/
[banner@stapp03 pam.d]$ ls /etc/yum
yum/         yum.conf     yum.repos.d/
[banner@stapp03 pam.d]$ ls /etc/yum
yum/         yum.conf     yum.repos.d/
[banner@stapp03 pam.d]$ ls /etc/yum.conf
/etc/yum.conf
[banner@stapp03 pam.d]$ more  /etc/yum.conf
[main]
cachedir=/var/cache/yum/$basearch/$releasever
keepcache=0
debuglevel=2
logfile=/var/log/yum.log
exactarch=1
obsoletes=1
gpgcheck=1
plugins=1
installonly_limit=5
bugtracker_url=http://bugs.centos.org/set_project.php?project_id=23&ref=http://bugs.cento
s.org/bug_report_page.php?category=yum
distroverpkg=centos-release
override_install_langs=en_US.utf8
tsflags=nodocs


#  This is the default, if you make this bigger yum won't see if the metadata
# is newer on the remote and so you'll "gain" the bandwidth of not having to
# download the new metadata and "pay" for it by yum not having correct
# information.
#  It is esp. important, to have correct metadata, for distributions like
# Fedora which don't keep old packages around. If you don't like this checking
# interupting your command line usage, it's much better to have something
# manually check the metadata once an hour (yum-updatesd will do this).
# metadata_expire=90m

# PUT YOUR REPOS HERE OR IN separate files named file.repo
# in /etc/yum.repos.d
[banner@stapp03 pam.d]$ ls -l   /etc/yum.repos.d/
total 92
-rw-r--r-- 1 root root 1664 Nov 23  2018 CentOS-Base.repo
-rw-r--r-- 1 root root 1309 Nov 23  2018 CentOS-CR.repo
-rw-r--r-- 1 root root  649 Nov 23  2018 CentOS-Debuginfo.repo
-rw-r--r-- 1 root root  314 Nov 23  2018 CentOS-fasttrack.repo
-rw-r--r-- 1 root root  630 Nov 23  2018 CentOS-Media.repo
-rw-r--r-- 1 root root 1331 Nov 23  2018 CentOS-Sources.repo
-rw-r--r-- 1 root root 5701 Nov 23  2018 CentOS-Vault.repo
-rw-r--r-- 1 root root 1050 Sep 17  2019 epel.repo
-rw-r--r-- 1 root root 1149 Sep 17  2019 epel-testing.repo
-rw-r--r-- 1 root root  446 Sep  6  2019 remi-glpi91.repo
-rw-r--r-- 1 root root  446 Sep  6  2019 remi-glpi92.repo
-rw-r--r-- 1 root root  446 Sep  6  2019 remi-glpi93.repo
-rw-r--r-- 1 root root  446 Sep  6  2019 remi-glpi94.repo
-rw-r--r-- 1 root root  855 Sep  6  2019 remi-modular.repo
-rw-r--r-- 1 root root  456 Sep  6  2019 remi-php54.repo
-rw-r--r-- 1 root root 1314 Sep  6  2019 remi-php70.repo
-rw-r--r-- 1 root root 1314 Sep  6  2019 remi-php71.repo
-rw-r--r-- 1 root root 1314 Jan  7  2020 remi-php72.repo
-rw-r--r-- 1 root root 1314 Sep  6  2019 remi-php73.repo
-rw-r--r-- 1 root root 1314 Sep  6  2019 remi-php74.repo
-rw-r--r-- 1 root root 2605 Sep  6  2019 remi.repo
-rw-r--r-- 1 root root  750 Sep  6  2019 remi-safe.repo
[banner@stapp03 pam.d]$
